
> web@0.1.0 dev /app/web
> next dev

   ▲ Next.js 15.5.18
   - Local:        http://localhost:3000
   - Network:      http://192.168.0.2:3000
   - Experiments (use with caution):
     · optimizePackageImports

 ✓ Starting...
 ✓ Ready in 2.2s
 ○ Compiling /simulate ...
 ✓ Compiled /simulate in 6.6s (612 modules)
 GET /simulate 200 in 7242ms
Failed to proxy http://localhost:8000/api/profiles/FR [AggregateError: ] { code: 'ECONNREFUSED' }
[AggregateError: ] { code: 'ECONNREFUSED' }
Failed to proxy http://localhost:8000/api/profiles/FR/refresh [AggregateError: ] { code: 'ECONNREFUSED' }
[AggregateError: ] { code: 'ECONNREFUSED' }
 ○ Compiling /_error ...
 ✓ Compiled /_error in 2.9s (946 modules)
 GET /simulate 200 in 443ms
Failed to proxy http://localhost:8000/api/profiles/FR [AggregateError: ] { code: 'ECONNREFUSED' }
[AggregateError: ] { code: 'ECONNREFUSED' }
Failed to proxy http://localhost:8000/api/profiles/FR/refresh [AggregateError: ] { code: 'ECONNREFUSED' }
[AggregateError: ] { code: 'ECONNREFUSED' }
 GET /simulate 200 in 117ms
Failed to proxy http://localhost:8000/api/profiles/FR [AggregateError: ] { code: 'ECONNREFUSED' }
[AggregateError: ] { code: 'ECONNREFUSED' }
Failed to proxy http://localhost:8000/api/profiles/FR/refresh [AggregateError: ] { code: 'ECONNREFUSED' }
[AggregateError: ] { code: 'ECONNREFUSED' }
 GET /simulate 200 in 148ms
Failed to proxy http://localhost:8000/api/profiles/FR [AggregateError: ] { code: 'ECONNREFUSED' }
[AggregateError: ] { code: 'ECONNREFUSED' }
Failed to proxy http://localhost:8000/api/profiles/FR/refresh [AggregateError: ] { code: 'ECONNREFUSED' }
[AggregateError: ] { code: 'ECONNREFUSED' }
 GET /simulate 200 in 116ms
Failed to proxy http://localhost:8000/api/profiles/FR [AggregateError: ] { code: 'ECONNREFUSED' }
[AggregateError: ] { code: 'ECONNREFUSED' }
Failed to proxy http://localhost:8000/api/profiles/FR/refresh [AggregateError: ] { code: 'ECONNREFUSED' }
[AggregateError: ] { code: 'ECONNREFUSED' }
 GET /simulate 200 in 107ms
Failed to proxy http://localhost:8000/api/profiles/FR [AggregateError: ] { code: 'ECONNREFUSED' }
[AggregateError: ] { code: 'ECONNREFUSED' }
Failed to proxy http://localhost:8000/api/profiles/FR/refresh [AggregateError: ] { code: 'ECONNREFUSED' }
[AggregateError: ] { code: 'ECONNREFUSED' }
 GET /simulate 200 in 103ms
Failed to proxy http://localhost:8000/api/profiles/FR [AggregateError: ] { code: 'ECONNREFUSED' }
[AggregateError: ] { code: 'ECONNREFUSED' }
